###############################################################################
#
# IAR ELF Linker V7.10.1.6676/W32 for ARM                 06/Mar/2017  14:55:52
# Copyright 2007-2014 IAR Systems AB.
#
#    Output file  =  E:\K60\SW_main\Prj\IAR\DZ10_Debug\Exe\vcan_Kinetis.out
#    Map file     =  E:\K60\SW_main\Prj\IAR\DZ10_Debug\List\vcan_Kinetis.map
#    Command line =  
#        E:\K60\SW_main\Prj\IAR\DZ10_Debug\Obj\LQ12864.o
#        E:\K60\SW_main\Prj\IAR\DZ10_Debug\Obj\main.o
#        E:\K60\SW_main\Prj\IAR\DZ10_Debug\Obj\misc.o
#        E:\K60\SW_main\Prj\IAR\DZ10_Debug\Obj\MK60_adc.o
#        E:\K60\SW_main\Prj\IAR\DZ10_Debug\Obj\MK60_conf.o
#        E:\K60\SW_main\Prj\IAR\DZ10_Debug\Obj\MK60_dac.o
#        E:\K60\SW_main\Prj\IAR\DZ10_Debug\Obj\MK60_dma.o
#        E:\K60\SW_main\Prj\IAR\DZ10_Debug\Obj\MK60_DWT.o
#        E:\K60\SW_main\Prj\IAR\DZ10_Debug\Obj\MK60_flash.o
#        E:\K60\SW_main\Prj\IAR\DZ10_Debug\Obj\MK60_ftm.o
#        E:\K60\SW_main\Prj\IAR\DZ10_Debug\Obj\MK60_gpio.o
#        E:\K60\SW_main\Prj\IAR\DZ10_Debug\Obj\MK60_i2c.o
#        E:\K60\SW_main\Prj\IAR\DZ10_Debug\Obj\MK60_it.o
#        E:\K60\SW_main\Prj\IAR\DZ10_Debug\Obj\MK60_lptmr.o
#        E:\K60\SW_main\Prj\IAR\DZ10_Debug\Obj\MK60_mcg.o
#        E:\K60\SW_main\Prj\IAR\DZ10_Debug\Obj\MK60_PIT.o
#        E:\K60\SW_main\Prj\IAR\DZ10_Debug\Obj\MK60_port.o
#        E:\K60\SW_main\Prj\IAR\DZ10_Debug\Obj\MK60_rtc.o
#        E:\K60\SW_main\Prj\IAR\DZ10_Debug\Obj\MK60_spi.o
#        E:\K60\SW_main\Prj\IAR\DZ10_Debug\Obj\MK60_SysTick.o
#        E:\K60\SW_main\Prj\IAR\DZ10_Debug\Obj\MK60_uart.o
#        E:\K60\SW_main\Prj\IAR\DZ10_Debug\Obj\MK60_wdog.o
#        E:\K60\SW_main\Prj\IAR\DZ10_Debug\Obj\startup_MK60DZ10.o
#        E:\K60\SW_main\Prj\IAR\DZ10_Debug\Obj\system_MK60DZ10.o
#        E:\K60\SW_main\Prj\IAR\DZ10_Debug\Obj\VCAN_key.o
#        E:\K60\SW_main\Prj\IAR\DZ10_Debug\Obj\VCAN_LED.o
#        E:\K60\SW_main\Prj\IAR\DZ10_Debug\Obj\VCAN_MMA7455.o
#        E:\K60\SW_main\Prj\IAR\DZ10_Debug\Obj\VCAN_NRF24L0.o
#        E:\K60\SW_main\Prj\IAR\DZ10_Debug\Obj\VCAN_OV7725_Eagle.o
#        E:\K60\SW_main\Prj\IAR\DZ10_Debug\Obj\VCAN_RTC_count.o
#        E:\K60\SW_main\Prj\IAR\DZ10_Debug\Obj\VCAN_SCCB.o
#        E:\K60\SW_main\Prj\IAR\DZ10_Debug\Obj\vectors.o --redirect
#        _Printf=_PrintfLargeNoMb --redirect _Scanf=_ScanfLargeNoMb -o
#        E:\K60\SW_main\Prj\IAR\DZ10_Debug\Exe\vcan_Kinetis.out --map
#        E:\K60\SW_main\Prj\IAR\DZ10_Debug\List\vcan_Kinetis.map --config
#        "E:\K60\SW_main\Prj\IAR\config files\vcan_ROM_K60N512.icf"
#        E:\K60\SW_main\Prj\IAR\..\..\Lib\CMSIS\iar_cortexM4l_math.a --entry
#        __iar_program_start --vfe
#
###############################################################################

*******************************************************************************
*** RUNTIME MODEL ATTRIBUTES
***

CppFlavor       = *
__SystemLibrary = DLib


*******************************************************************************
*** PLACEMENT SUMMARY
***

"A1":  place at 0x00000000 { ro section .intvec };
"A2":  place at 0x00000410 { ro section .noinit };
"P1":  place in [from 0x00000000 to 0x00080000] { ro, block CodeRelocate };
"P2":  place in [from 0x1fff0410 to 0x20010000] {
          rw, block CodeRelocateRam, block CSTACK, block HEAP };

  Section              Kind        Address    Size  Object
  -------              ----        -------    ----  ------
"A1":                                        0x410
  .intvec              const    0x00000000   0x410  vectors.o [1]
                              - 0x00000410   0x410

"P1", part 1 of 2:                             0x0
  .rodata              const    0x00000410     0x0  zero_init3.o [5]

"A2":                                          0x8
  .noinit              ro code  0x00000410     0x8  startup_MK60DZ10.o [1]
                              - 0x00000418     0x8

"P1", part 2 of 2:                          0x5348
  .text                ro code  0x00000418   0xbe2  xprintflarge_nomb.o [3]
  .text                ro code  0x00000ffa    0x22  zero_init3.o [5]
  .text                ro code  0x0000101c    0x16  strchr.o [5]
  .rodata              const    0x00001032     0x2  main.o [1]
  .text                ro code  0x00001034    0x36  strlen.o [5]
  .rodata              const    0x0000106a     0x2  main.o [1]
  .text                ro code  0x0000106c    0x58  memchr.o [5]
  .text                ro code  0x000010c4    0xee  I64DivMod.o [5]
  .rodata              const    0x000011b2     0x2  main.o [1]
  .text                ro code  0x000011b4    0x76  ABImemcpy_unaligned.o [5]
  .text                ro code  0x0000122a    0x42  xdnorm.o [4]
  .text                ro code  0x0000126c    0x2e  DblCmpLe.o [4]
  .text                ro code  0x0000129c   0x1a2  DblMul.o [4]
  .text                ro code  0x00001440   0x246  DblDiv.o [4]
  .text                ro code  0x00001688    0x58  DblToI32.o [4]
  .text                ro code  0x000016e0    0x30  I32ToDbl.o [4]
  .text                ro code  0x00001710   0x180  DblSub.o [4]
  .text                ro code  0x00001890    0x6c  localeconv.o [3]
  .text                ro code  0x000018fc     0xe  div.o [3]
  .text                ro code  0x0000190c     0x2  I64DivZer.o [5]
  .text                ro code  0x00001910    0xe8  DblAdd.o [4]
  .text                ro code  0x000019f8     0x2  xtls.o [3]
  .data_init                    0x000019fc   0xb54  <Block>
    Initializer bytes  ro data  0x000019fc   0xb54  <for .data-1>
  .text                ro code  0x00002550   0x934  main.o [1]
  .text                ro code  0x00002e84   0x234  VCAN_OV7725_Eagle.o [1]
  .text                ro code  0x000030b8   0x390  MK60_ftm.o [1]
  .text                ro code  0x00003448   0x3bc  LQ12864.o [1]
  .text                ro code  0x00003804    0x78  MK60_DWT.o [1]
  .text                ro code  0x0000387c    0x50  misc.o [1]
  .text                ro code  0x000038cc    0xec  MK60_PIT.o [1]
  .text                ro code  0x000039b8   0x270  MK60_uart.o [1]
  .text                ro code  0x00003c28     0x6  ABImemclr4.o [5]
  .text                ro code  0x00003c2e     0x8  abs.o [3]
  .text                ro code  0x00003c38    0xf0  sqrt.o [4]
  .text                ro code  0x00003d28   0x284  MK60_dma.o [1]
  .text                ro code  0x00003fac    0xb0  MK60_port.o [1]
  .text                ro code  0x0000405c   0x362  VCAN_SCCB.o [1]
  .text                ro code  0x000043c0    0x24  printf.o [3]
  Veneer               ro code  0x000043e4     0x8  - Linker created -
  Veneer               ro code  0x000043ec     0x8  - Linker created -
  .text                ro code  0x000043f4   0x140  MK60_conf.o [1]
  .text                ro code  0x00004534   0x19c  MK60_gpio.o [1]
  .text                ro code  0x000046d0    0x32  ABImemset48.o [5]
  .text                ro code  0x00004704     0xc  iarEdom.o [5]
  .text                ro code  0x00004710    0x70  VCAN_LED.o [1]
  .text                ro code  0x00004780    0x9c  VCAN_key.o [1]
  .text                ro code  0x0000481c     0xc  errno.o [3]
  Veneer               ro code  0x00004828     0x8  - Linker created -
  .text                ro code  0x00004830   0x3b4  MK60_mcg.o [1]
  .rodata              const    0x00004be4   0x2d0  main.o [1]
  .rodata              const    0x00004eb4   0x228  LQ12864.o [1]
  CodeRelocate                  0x000050dc   0x1c8  <Block>
    Initializer bytes  ro data  0x000050dc   0x1c8  <for CodeRelocateRam-1>
  .text                ro code  0x000052a4   0x130  system_MK60DZ10.o [1]
  .text                ro code  0x000053d4    0x40  MK60_wdog.o [1]
  .rodata              const    0x00005414    0x3c  MK60_conf.o [1]
  .rodata              const    0x00005450    0x28  MK60_flash.o [1]
  .text                ro code  0x00005478    0x28  data_init.o [5]
  .rodata              const    0x000054a0    0x24  MK60_conf.o [1]
  .rodata              const    0x000054c4    0x24  MK60_dma.o [1]
  .rodata              const    0x000054e8    0x24  MK60_ftm.o [1]
  .rodata              const    0x0000550c    0x24  MK60_gpio.o [1]
  .rodata              const    0x00005530    0x24  MK60_uart.o [1]
  .rodata              const    0x00005554    0x24  VCAN_OV7725_Eagle.o [1]
  .rodata              const    0x00005578    0x24  VCAN_OV7725_Eagle.o [1]
  .iar.init_table      const    0x0000559c    0x10  - Linker created -
  .rodata              const    0x000055ac    0x20  misc.o [1]
  .rodata              const    0x000055cc    0x20  MK60_conf.o [1]
  .rodata              const    0x000055ec    0x20  VCAN_OV7725_Eagle.o [1]
  .text                ro code  0x0000560c    0x1a  cmain.o [5]
  .text                ro code  0x00005626     0x4  low_level_init.o [3]
  .text                ro code  0x0000562a     0x4  exit.o [3]
  .text                ro code  0x00005630     0xa  cexit.o [5]
  .text                ro code  0x0000563c     0xc  XXexit.o [5]
  .rodata              const    0x00005648    0x18  VCAN_OV7725_Eagle.o [1]
  .rodata              const    0x00005660    0x18  VCAN_OV7725_Eagle.o [1]
  .text                ro code  0x00005678    0x16  xprout.o [3]
  .text                ro code  0x00005690     0xc  putchar.o [3]
  .rodata              const    0x0000569c    0x14  MK60_conf.o [1]
  .rodata              const    0x000056b0    0x14  VCAN_OV7725_Eagle.o [1]
  .text                ro code  0x000056c4     0xc  cstartup_M.o [5]
  .rodata              const    0x000056d0     0x4  main.o [1]
  Initializer bytes    ro data  0x000056d4    0x8c  <for P2 s0>
                              - 0x00005760  0x5348

"P2", part 1 of 3:                           0xd1c
  .data                         0x1fff0410   0xb54  <Block>
    .data-1                     0x1fff0410   0xb54  <Init block>
      .data            inited   0x1fff0410   0x300  LQ12864.o [1]
      .data            inited   0x1fff0710   0x708  MK60_conf.o [1]
      .data            inited   0x1fff0e18     0xc  MK60_ftm.o [1]
      .data            inited   0x1fff0e24    0x14  MK60_gpio.o [1]
      .data            inited   0x1fff0e38    0x44  MK60_mcg.o [1]
      .data            inited   0x1fff0e7c     0x4  MK60_mcg.o [1]
      .data            inited   0x1fff0e80    0x14  MK60_port.o [1]
      .data            inited   0x1fff0e94    0x18  MK60_uart.o [1]
      .data            inited   0x1fff0eac     0x8  VCAN_key.o [1]
      .data            inited   0x1fff0eb4     0x4  VCAN_LED.o [1]
      .data            inited   0x1fff0eb8     0x1  VCAN_OV7725_Eagle.o [1]
      .data            inited   0x1fff0ebc    0x64  VCAN_OV7725_Eagle.o [1]
      .data            inited   0x1fff0f20     0x1  VCAN_OV7725_Eagle.o [1]
      .data            inited   0x1fff0f24    0x40  xfiles.o [3]
  CodeRelocateRam               0x1fff0f64   0x1c8  <Block>
    CodeRelocateRam-1           0x1fff0f64   0x1c8  <Init block>
      Veneer           inited   0x1fff0f64     0x8  - Linker created -
      Veneer           inited   0x1fff0f6c     0x8  - Linker created -
      .textrw          inited   0x1fff0f74   0x168  MK60_flash.o [1]
      .textrw          inited   0x1fff10dc    0x50  MK60_mcg.o [1]
                              - 0x1fff112c   0xd1c

"P2", part 2 of 3:                          0x2a90
  .bss                          0x1fff112c  0x2a90  <Block>
    .bss               zero     0x1fff112c   0x4b0  main.o [1]
    .bss               zero     0x1fff15dc  0x2580  main.o [1]
    .bss               zero     0x1fff3b5c     0x4  system_MK60DZ10.o [1]
    .bss               zero     0x1fff3b60     0x4  system_MK60DZ10.o [1]
    .bss               zero     0x1fff3b64     0x4  system_MK60DZ10.o [1]
    .bss               zero     0x1fff3b68     0x4  VCAN_OV7725_Eagle.o [1]
    .bss               zero     0x1fff3b6c    0x50  xfiles.o [3]
                              - 0x1fff3bbc  0x2a90

"P2", part 3 of 3:                            0x8c
  P2 s0                         0x1fff3bbc    0x8c  <Init block>
    __DLIB_PERTHREAD   inited   0x1fff3bbc    0x88  localeconv.o [3]
    __DLIB_PERTHREAD   inited   0x1fff3c44     0x4  errno.o [3]
                              - 0x1fff3c48    0x8c


*******************************************************************************
*** INIT TABLE
***

          Address     Size
          -------     ----
Zero (__iar_zero_init3)
    1 destination range, total size 0x2a90:
          0x1fff112c  0x2a90



*******************************************************************************
*** MODULE SUMMARY
***

    Module                 ro code  rw code  ro data  rw data
    ------                 -------  -------  -------  -------
E:\K60\SW_main\Prj\IAR\DZ10_Debug\Obj: [1]
    LQ12864.o                  956             1 320      768
    MK60_DWT.o                 120
    MK60_PIT.o                 236
    MK60_conf.o                320             1 948    1 800
    MK60_dma.o                 644                36
    MK60_flash.o                        360      400
    MK60_ftm.o                 912                48       12
    MK60_gpio.o                412                56       20
    MK60_mcg.o                 948       80      152       72
    MK60_port.o                176                20       20
    MK60_uart.o                624                60       24
    MK60_wdog.o                 64
    VCAN_LED.o                 112                 4        4
    VCAN_OV7725_Eagle.o        564               277      106
    VCAN_SCCB.o                866
    VCAN_key.o                 156                 8        8
    main.o                   2 356               730   10 800
    misc.o                      80                32
    startup_MK60DZ10.o           8
    system_MK60DZ10.o          304                         12
    vectors.o                                  1 040
    ---------------------------------------------------------
    Total:                   9 858      440    6 131   13 646

command line: [2]
    ---------------------------------------------------------
    Total:

dl7M_tlf.a: [3]
    abs.o                        8
    div.o                       14
    errno.o                     12                 4        4
    exit.o                       4
    localeconv.o               108               136      136
    low_level_init.o             4
    printf.o                    36
    putchar.o                   12
    xfiles.o                                      67      144
    xprintflarge_nomb.o      3 042
    xprout.o                    22
    xtls.o                       2
    ---------------------------------------------------------
    Total:                   3 264               207      284

m7M_tl.a: [4]
    DblAdd.o                   232
    DblCmpLe.o                  46
    DblDiv.o                   582
    DblMul.o                   418
    DblSub.o                   384
    DblToI32.o                  88
    I32ToDbl.o                  48
    sqrt.o                     240
    xdnorm.o                    66
    ---------------------------------------------------------
    Total:                   2 104

rt7M_tl.a: [5]
    ABImemclr4.o                 6
    ABImemcpy_unaligned.o      118
    ABImemset48.o               50
    I64DivMod.o                238
    I64DivZer.o                  2
    XXexit.o                    12
    cexit.o                     10
    cmain.o                     26
    cstartup_M.o                12
    data_init.o                 40
    iarEdom.o                   12
    memchr.o                    88
    strchr.o                    22
    strlen.o                    54
    zero_init3.o                34
    ---------------------------------------------------------
    Total:                     724

    Gaps                        22                          6
    Linker created              24       16       32
-------------------------------------------------------------
    Grand Total:            15 996      456    6 370   13 936


*******************************************************************************
*** ENTRY LIST
***

Entry                      Address    Size  Type      Object
-----                      -------    ----  ----      ------
.bss$$Base              0x1fff112c           --   Gb  - Linker created -
.bss$$Limit             0x1fff3bbc           --   Gb  - Linker created -
.data$$Base             0x1fff0410           --   Gb  - Linker created -
.data$$Limit            0x1fff0f64           --   Gb  - Linker created -
.data_init$$Base        0x000019fc           --   Gb  - Linker created -
.data_init$$Limit       0x00002550           --   Gb  - Linker created -
?main                   0x0000560d          Code  Gb  cmain.o [5]
ASSERT_FAILED_STR       0x000054a0    0x24  Data  Gb  MK60_conf.o [1]
CodeRelocate$$Base      0x000050dc           --   Gb  - Linker created -
CodeRelocate$$Limit     0x000052a4           --   Gb  - Linker created -
CodeRelocateRam$$Base   0x1fff0f64           --   Gb  - Linker created -
CodeRelocateRam$$Limit  0x1fff112c           --   Gb  - Linker created -
DMA0_IRQHandler         0x000027b9     0x8  Code  Gb  main.o [1]
Draw_LQLogo             0x00003719    0x36  Code  Gb  LQ12864.o [1]
F6x8                    0x00004eb4   0x228  Data  Gb  LQ12864.o [1]
FTMN                    0x1fff0e18     0xc  Data  Gb  MK60_ftm.o [1]
FTM_port_mux            0x000030b9   0x118  Code  Lc  MK60_ftm.o [1]
GPIOX                   0x1fff0e24    0x14  Data  Gb  MK60_gpio.o [1]
KEY_PTxn                0x1fff0eac     0x8  Data  Gb  VCAN_key.o [1]
LCD_CLS                 0x00003555    0x3c  Code  Gb  LQ12864.o [1]
LCD_DLY_ms              0x00003591     0xc  Code  Gb  LQ12864.o [1]
LCD_Fill                0x00003515    0x40  Code  Gb  LQ12864.o [1]
LCD_Init                0x0000359d   0x100  Code  Gb  LQ12864.o [1]
LCD_P6x8Str             0x0000369d    0x7c  Code  Gb  LQ12864.o [1]
LCD_PrintU16            0x0000374f    0xac  Code  Gb  LQ12864.o [1]
LCD_Set_Pos             0x000034e7    0x2e  Code  Gb  LQ12864.o [1]
LCD_WrCmd               0x00003499    0x4e  Code  Gb  LQ12864.o [1]
LCD_WrDat               0x00003449    0x4e  Code  Gb  LQ12864.o [1]
LED_PTxn                0x1fff0eb4     0x4  Data  Gb  VCAN_LED.o [1]
NVIC_DisableIRQ         0x00002e99    0x14  Code  Lc  VCAN_OV7725_Eagle.o [1]
NVIC_EnableIRQ          0x00002e85    0x14  Code  Lc  VCAN_OV7725_Eagle.o [1]
NVIC_SystemReset        0x000043f5    0x1a  Code  Lc  MK60_conf.o [1]
PORTA_IRQHandler        0x00002791    0x26  Code  Gb  main.o [1]
PORTX                   0x1fff0e80    0x14  Data  Gb  MK60_port.o [1]
Region$$Table$$Base     0x0000559c           --   Gb  - Linker created -
Region$$Table$$Limit    0x000055ac           --   Gb  - Linker created -
Reset_Handler           0x00000411          Code  Gb  startup_MK60DZ10.o [1]
SCCB_Ack                0x00004131    0x3c  Code  Lc  VCAN_SCCB.o [1]
SCCB_GPIO_init          0x00004077    0x28  Code  Gb  VCAN_SCCB.o [1]
SCCB_NoAck              0x0000416d    0x3c  Code  Lc  VCAN_SCCB.o [1]
SCCB_ReadByte           0x0000430d    0x2c  Code  Gb  VCAN_SCCB.o [1]
SCCB_ReadByte_one       0x00004339    0x86  Code  Lc  VCAN_SCCB.o [1]
SCCB_ReceiveByte        0x00004239    0x54  Code  Lc  VCAN_SCCB.o [1]
SCCB_SendByte           0x000041f5    0x44  Code  Lc  VCAN_SCCB.o [1]
SCCB_Start              0x0000409f    0x5e  Code  Lc  VCAN_SCCB.o [1]
SCCB_Stop               0x000040fd    0x34  Code  Lc  VCAN_SCCB.o [1]
SCCB_WaitAck            0x000041a9    0x4c  Code  Lc  VCAN_SCCB.o [1]
SCCB_WriteByte          0x0000429d    0x28  Code  Gb  VCAN_SCCB.o [1]
SCCB_WriteByte_one      0x000042c5    0x48  Code  Lc  VCAN_SCCB.o [1]
SCCB_delay              0x0000405d    0x1a  Code  Lc  VCAN_SCCB.o [1]
UARTN                   0x1fff0e94    0x18  Data  Gb  MK60_uart.o [1]
_GenldLargeNoMb         0x00000d7d   0x234  Code  Lc  xprintflarge_nomb.o [3]
_LdtobLargeNoMb         0x00000afd   0x27a  Code  Lc  xprintflarge_nomb.o [3]
_LitobLargeNoMb         0x000009f5   0x106  Code  Lc  xprintflarge_nomb.o [3]
_Locale_aeabi_lconv     0x1fff3c0c    0x38  Data  Gb  localeconv.o [3]
_Locale_lconv           0x1fff3bbc    0x50  Data  Gb  localeconv.o [3]
_PrintfLargeNoMb        0x00000419   0x5d6  Code  Gb  xprintflarge_nomb.o [3]
_Prout                  0x00005679    0x16  Code  Gb  xprout.o [3]
_PutcharsLargeNoMb      0x00000fb1    0x2e  Code  Lc  xprintflarge_nomb.o [3]
__BOOT_STACK_ADDRESS {Abs}
                        0x2000fff8           --   Gb  command line/config [2]
__VECTOR_RAM {Abs}      0x1fff0000           --   Gb  command line/config [2]
__VECTOR_TABLE {Abs}    0x00000000           --   Gb  command line/config [2]
__aeabi_cdcmple         0x0000126d          Code  Gb  DblCmpLe.o [4]
__aeabi_d2iz            0x00001689          Code  Gb  DblToI32.o [4]
__aeabi_d2uiz           0x000016b5          Code  Gb  DblToI32.o [4]
__aeabi_dadd            0x00001911          Code  Gb  DblAdd.o [4]
__aeabi_ddiv            0x00001441          Code  Gb  DblDiv.o [4]
__aeabi_dmul            0x0000129d          Code  Gb  DblMul.o [4]
__aeabi_dsub            0x00001711          Code  Gb  DblSub.o [4]
__aeabi_errno_addr      0x0000481d     0x6  Code  Gb  errno.o [3]
__aeabi_i2d             0x000016e1          Code  Gb  I32ToDbl.o [4]
__aeabi_ldiv0           0x0000190d          Code  Gb  I64DivZer.o [5]
__aeabi_memclr4         0x00003c29          Code  Gb  ABImemclr4.o [5]
__aeabi_ui2d            0x000016f5          Code  Gb  I32ToDbl.o [4]
__aeabi_uldivmod        0x000010c5          Code  Gb  I64DivMod.o [5]
__cmain                 0x0000560d          Code  Gb  cmain.o [5]
__code_start__ {Abs}    0x00000410           --   Gb  command line/config [2]
__exit                  0x0000563d          Code  Gb  XXexit.o [5]
__iar_Dnorm             0x0000122b    0x42  Code  Gb  xdnorm.o [4]
__iar_Errno             0x1fff3c44     0x4  Data  Gb  errno.o [3]
__iar_Locale_lconv_init
                        0x00001891    0x3a  Code  Gb  localeconv.o [3]
__iar_Memchr            0x0000106d          Code  Gb  memchr.o [5]
__iar_Memset4_word      0x000046d1          Code  Gb  ABImemset48.o [5]
__iar_Memset8_word      0x000046d1          Code  Gb  ABImemset48.o [5]
__iar_Stdout            0x1fff0f24    0x40  Data  Gb  xfiles.o [3]
__iar_Strchr            0x0000101d          Code  Gb  strchr.o [5]
__iar_d2uiz             0x000016c1          Code  Gb  DblToI32.o [4]
__iar_dadd              0x00001925          Code  Gb  DblAdd.o [4]
__iar_data_init3        0x00005479    0x28  Code  Gb  data_init.o [5]
__iar_dlib_perthread_access
                        0x000019f9     0x2  Code  Gb  xtls.o [3]
__iar_dsub              0x00001725          Code  Gb  DblSub.o [4]
__iar_dsubStart         0x00001737          Code  Gb  DblSub.o [4]
__iar_edom              0x00004705          Code  Gb  iarEdom.o [5]
__iar_program_start     0x000056c5          Code  Gb  cstartup_M.o [5]
__iar_sqrt              0x00003c39          Code  Gb  sqrt.o [4]
__iar_ui2d              0x000016f9          Code  Gb  I32ToDbl.o [4]
__iar_unaligned___aeabi_memcpy
                        0x000011b5          Code  Gb  ABImemcpy_unaligned.o [5]
__iar_unaligned___aeabi_memcpy4
                        0x000011d5          Code  Gb  ABImemcpy_unaligned.o [5]
__iar_unaligned___aeabi_memcpy8
                        0x000011d5          Code  Gb  ABImemcpy_unaligned.o [5]
__iar_zero_init3        0x00000ffb    0x22  Code  Gb  zero_init3.o [5]
__low_level_init        0x00005627     0x4  Code  Gb  low_level_init.o [3]
__vector_table          0x00000000   0x410  Data  Gb  vectors.o [1]
_call_main              0x00005619          Code  Gb  cmain.o [5]
_exit                   0x00005631          Code  Gb  cexit.o [5]
_main                   0x00005623          Code  Gb  cmain.o [5]
abs                     0x00003c2f     0x8  Code  Gb  abs.o [3]
assert_failed           0x0000440f    0x26  Code  Gb  MK60_conf.o [1]
bus_clk_khz             0x1fff3b64     0x4  Data  Gb  system_MK60DZ10.o [1]
common_startup          0x00005303    0x98  Code  Gb  system_MK60DZ10.o [1]
core_clk_khz            0x1fff3b5c     0x4  Data  Gb  system_MK60DZ10.o [1]
core_clk_mhz            0x1fff3b60     0x4  Data  Gb  system_MK60DZ10.o [1]
default_isr             0x000044e3    0x30  Code  Gb  MK60_conf.o [1]
div                     0x000018fd     0xe  Code  Gb  div.o [3]
dma_gpio_input_init     0x00003d29    0x5c  Code  Lc  MK60_dma.o [1]
dma_portx2buff_init     0x00003d85   0x1f4  Code  Gb  MK60_dma.o [1]
dwt_delay_ms            0x00003865    0x18  Code  Gb  MK60_DWT.o [1]
dwt_delay_us            0x00003805    0x4e  Code  Gb  MK60_DWT.o [1]
exit                    0x0000562b     0x4  Code  Gb  exit.o [3]
flash_cmd               0x1fff0f75    0x20  Code  Gb  MK60_flash.o [1]
flash_erase_sector      0x1fff0fc5    0x58  Code  Gb  MK60_flash.o [1]
flash_init              0x1fff0f95    0x30  Code  Gb  MK60_flash.o [1]
flash_write             0x1fff101d    0x8e  Code  Gb  MK60_flash.o [1]
fputc                   0x00004435    0x14  Code  Gb  MK60_conf.o [1]
ftm_pwm_duty            0x0000334b    0xe8  Code  Gb  MK60_ftm.o [1]
ftm_pwm_init            0x000031d1   0x17a  Code  Gb  MK60_ftm.o [1]
gpio_get                0x0000468d    0x3a  Code  Gb  MK60_gpio.o [1]
gpio_init               0x00004535    0xae  Code  Gb  MK60_gpio.o [1]
gpio_set                0x000045e3    0x72  Code  Gb  MK60_gpio.o [1]
gpio_turn               0x00004655    0x38  Code  Gb  MK60_gpio.o [1]
img                     0x1fff15dc  0x2580  Data  Gb  main.o [1]
img_extract             0x00002701    0x8e  Code  Gb  main.o [1]
imgbuff                 0x1fff112c   0x4b0  Data  Gb  main.o [1]
key_check               0x000047ed    0x2a  Code  Gb  VCAN_key.o [1]
key_get                 0x000047d3    0x1a  Code  Gb  VCAN_key.o [1]
key_init                0x00004781    0x52  Code  Gb  VCAN_key.o [1]
led_init                0x00004711    0x3a  Code  Gb  VCAN_LED.o [1]
led_turn                0x0000474b    0x32  Code  Gb  VCAN_LED.o [1]
localeconv              0x000018cb    0x16  Code  Gb  localeconv.o [3]
longqiu96x64            0x1fff0410   0x300  Data  Gb  LQ12864.o [1]
main                    0x00002551   0x14e  Code  Gb  main.o [1]
mcg_cfg                 0x1fff0e38    0x44  Data  Gb  MK60_mcg.o [1]
mcg_div                 0x1fff0e7c     0x4  Data  Gb  MK60_mcg.o [1]
mcg_div_count           0x00004831   0x2e6  Code  Gb  MK60_mcg.o [1]
memchr                  0x0000106d          Code  Gb  memchr.o [5]
obuf                    0x1fff3b6c    0x50  Data  Lc  xfiles.o [3]
one                     0x000027c1   0x692  Code  Gb  main.o [1]
ov7725_eagle_cfgnum     0x1fff0f20     0x1  Data  Gb  VCAN_OV7725_Eagle.o [1]
ov7725_eagle_dma        0x00002f65    0x14  Code  Gb  VCAN_OV7725_Eagle.o [1]
ov7725_eagle_get_img    0x00002f79    0x42  Code  Gb  VCAN_OV7725_Eagle.o [1]
ov7725_eagle_img_buff   0x1fff3b68     0x4  Data  Gb  VCAN_OV7725_Eagle.o [1]
ov7725_eagle_img_flag   0x1fff0eb8     0x1  Data  Gb  VCAN_OV7725_Eagle.o [1]
ov7725_eagle_init       0x00002ead    0x18  Code  Gb  VCAN_OV7725_Eagle.o [1]
ov7725_eagle_port_init  0x00002ec5    0x54  Code  Lc  VCAN_OV7725_Eagle.o [1]
ov7725_eagle_reg        0x1fff0ebc    0x64  Data  Gb  VCAN_OV7725_Eagle.o [1]
ov7725_eagle_reg_init   0x00002fbb    0xb0  Code  Lc  VCAN_OV7725_Eagle.o [1]
ov7725_eagle_vsync      0x00002f19    0x4c  Code  Gb  VCAN_OV7725_Eagle.o [1]
pit_time_get            0x00003947    0x64  Code  Gb  MK60_PIT.o [1]
pit_time_start          0x000038cd    0x7a  Code  Gb  MK60_PIT.o [1]
pll_init                0x00004b17    0xb2  Code  Gb  MK60_mcg.o [1]
port_init               0x00003fad    0x44  Code  Gb  MK60_port.o [1]
port_init_NoALT         0x00003ff1    0x62  Code  Gb  MK60_port.o [1]
printf                  0x000043c1    0x24  Code  Gb  printf.o [3]
putchar                 0x00005691     0xc  Code  Gb  putchar.o [3]
sendimg                 0x0000269f    0x3c  Code  Gb  main.o [1]
sendimg_eSmartCameraCar
                        0x000026db    0x26  Code  Gb  main.o [1]
set_sys_dividers        0x1fff10dd    0x50  Code  Gb  MK60_mcg.o [1]
set_vector_handler      0x0000389f    0x22  Code  Gb  misc.o [1]
sqrt                    0x00003c39          Code  Gb  sqrt.o [4]
sqrtl                   0x00003c39          Code  Gb  sqrt.o [4]
start                   0x000052a5    0x22  Code  Gb  system_MK60DZ10.o [1]
start_check             0x00004449    0x9a  Code  Gb  MK60_conf.o [1]
strchr                  0x0000101d          Code  Gb  strchr.o [5]
strlen                  0x00001035          Code  Gb  strlen.o [5]
sysinit                 0x000052c7    0x3c  Code  Gb  system_MK60DZ10.o [1]
uart_init               0x000039b9   0x218  Code  Gb  MK60_uart.o [1]
uart_putbuff            0x00003beb    0x24  Code  Gb  MK60_uart.o [1]
uart_putchar            0x00003bd1    0x1a  Code  Gb  MK60_uart.o [1]
vector_str              0x1fff0710   0x708  Data  Gb  MK60_conf.o [1]
wdog_disable            0x000053d5    0x16  Code  Gb  MK60_wdog.o [1]
wdog_unlock             0x000053eb    0x20  Code  Lc  MK60_wdog.o [1]
write_vtor              0x0000387d    0x22  Code  Gb  misc.o [1]


[1] = E:\K60\SW_main\Prj\IAR\DZ10_Debug\Obj
[2] = command line
[3] = dl7M_tlf.a
[4] = m7M_tl.a
[5] = rt7M_tl.a

  15 996 bytes of readonly  code memory
     456 bytes of readwrite code memory
   6 370 bytes of readonly  data memory
  13 936 bytes of readwrite data memory

Errors: none
Warnings: none
